[mont-fort.com/index.html]
[mont-fort.com/sitemap-index.xml]
[backblue.gif]
[fade.gif]
[index.html]
[mont-fort.com/_astro/favicon_R1w72.webp]
[mont-fort.com/_astro/favicon_Z1kMBbQ.webp]
[mont-fort.com/_astro/ClientRouter.astro_astro_type_script_index_0_lang.WONxKOw9.js]
[mont-fort.com/_astro/_slug_.B97dlsMJ.css]
[mont-fort.com/_astro/WebGL.astro_astro_type_script_index_0_lang.kYtEKlKk.js]
[mont-fort.com/_astro/Solutions.astro_astro_type_script_index_0_lang.DH4T_DBQ.js]
[mont-fort.com/_astro/m_Lob0Q.png]
[mont-fort.com/trading/index.html]
[mont-fort.com/_astro/m_Z1SYCbs.png]
[mont-fort.com/maritime/index.html]
[mont-fort.com/capital/index.html]
[mont-fort.com/fort-energy/index.html]
[mont-fort.com/_astro/m_1KX8BU.png]
[mont-fort.com/news/index.html]
[mont-fort.com/_astro/m_ZBce86.png]
[mont-fort.com/contact/index.html]
[mont-fort.com/privacy-policy/index.html]
[mont-fort.com/terms-of-use/index.html]
[mont-fort.com/_astro/m_15xpzF.png]
[mont-fort.com/who-we-are/index.html]
[mont-fort.com/_astro/m_Z2sBiVc.png]
[mont-fort.com/_astro/m_2wLF9x.png]
[mont-fort.com/_astro/m_6yDQa.png]
[mont-fort.com/_astro/m_KgNWv.png]
[mont-fort.com/_astro/m_ZeiBvl.png]
[mont-fort.com/_astro/Social.astro_astro_type_script_index_0_lang.DMS86Kjn.js]
[mont-fort.com/_astro/ChaptersNavigation.astro_astro_type_script_index_0_lang.DYrj7sV6.js]
[mont-fort.com/cdn-cgi/l/email-protection]
[mont-fort.com/cdn-cgi/scripts/5c5dd728/cloudflare-static/email-decode.min.js]
[mont-fort.com/_astro/Layout.astro_astro_type_script_index_0_lang.gcBYtLSu.js]
[mont-fort.com/index.html]
[mont-fort.com/assets/fonts/JosefinSans-ExtraLightItalic.woff2]
[mont-fort.com/assets/fonts/JosefinSans-ExtraLightItalic.woff]
[mont-fort.com/assets/fonts/CenturyGothic-Bold.woff2]
[mont-fort.com/assets/fonts/CenturyGothic-Bold.woff]
[mont-fort.com/assets/fonts/CenturyGothic-Italic.woff2]
[mont-fort.com/assets/fonts/CenturyGothic-Italic.woff]
[mont-fort.com/assets/fonts/JosefinSans-ThinItalic.woff2]
[mont-fort.com/assets/fonts/JosefinSans-ThinItalic.woff]
[mont-fort.com/assets/fonts/JosefinSans-LightItalic.woff2]
[mont-fort.com/assets/fonts/JosefinSans-LightItalic.woff]
[mont-fort.com/assets/fonts/JosefinSans-Light.woff2]
[mont-fort.com/assets/fonts/JosefinSans-Light.woff]
[mont-fort.com/assets/fonts/JosefinSans-ExtraLight.woff2]
[mont-fort.com/assets/fonts/JosefinSans-ExtraLight.woff]
[mont-fort.com/assets/fonts/CenturyGothic.woff2]
[mont-fort.com/assets/fonts/CenturyGothic.woff]
[mont-fort.com/assets/fonts/CenturyGothic-BoldItalic.woff2]
[mont-fort.com/assets/fonts/CenturyGothic-BoldItalic.woff]
[mont-fort.com/assets/fonts/JosefinSans-Thin.woff2]
[mont-fort.com/assets/fonts/JosefinSans-Thin.woff]
[mont-fort.com/assets/fonts/JosefinSans-Bold.woff2]
[mont-fort.com/assets/fonts/JosefinSans-Bold.woff]
[mont-fort.com/assets/fonts/JosefinSans-Regular.woff2]
[mont-fort.com/assets/fonts/JosefinSans-Regular.woff]
[mont-fort.com/assets/fonts/JosefinSans-SemiBold.woff2]
[mont-fort.com/assets/fonts/JosefinSans-SemiBold.woff]
[mont-fort.com/assets/fonts/JosefinSans-Italic.woff2]
[mont-fort.com/assets/fonts/JosefinSans-Italic.woff]
[mont-fort.com/assets/fonts/JosefinSans-Medium.woff2]
[mont-fort.com/assets/fonts/JosefinSans-Medium.woff]
[mont-fort.com/assets/fonts/JosefinSans-BoldItalic.woff2]
[mont-fort.com/assets/fonts/JosefinSans-BoldItalic.woff]
[mont-fort.com/assets/fonts/JosefinSans-MediumItalic.woff2]
[mont-fort.com/assets/fonts/JosefinSans-MediumItalic.woff]
[mont-fort.com/assets/fonts/JosefinSans-SemiBoldItalic.woff2]
[mont-fort.com/assets/fonts/JosefinSans-SemiBoldItalic.woff]
[mont-fort.com/_astro/_slug_.B97dlsMJ.css]
[mont-fort.com/trading/index.html]
[mont-fort.com/capital/index.html]
[mont-fort.com/maritime/index.html]
[mont-fort.com/fort-energy/index.html]
[mont-fort.com/_astro/m_Z2aA1nG.png]
[mont-fort.com/news/montfort-maritime-celebrates-delivery-of-first-newbuilding-mfm-jazz/index.html]
[mont-fort.com/news/montfort-participates-in-cargo-day-2024/index.html]
[mont-fort.com/_astro/m_220dOx.png]
[mont-fort.com/_astro/m_if3Ql.png]
[mont-fort.com/news/montfort-continues-to-scale-up-maritime-unit/index.html]
[mont-fort.com/_astro/m_ZAUPKE.png]
[mont-fort.com/news/montfort-agrees-innovative-and-greener-shipping-deal/index.html]
[mont-fort.com/_astro/m_Zu0Vdh.png]
[mont-fort.com/news/montfort-to-scale-up-fujairah-bunker-business/index.html]
[mont-fort.com/news/montfort-joins-energy-leap-for-operational-excellence/index.html]
[mont-fort.com/_astro/m_Z18Rvl8.png]
[mont-fort.com/news/montfort-participates-in-cargo-day-a-fundraising-program-for-mercy-ships/index.html]
[mont-fort.com/_astro/m_Z1dMfo4.png]
[mont-fort.com/_astro/m_Z21hJkf.png]
[mont-fort.com/news/montfort-and-the-private-office-of-sheikh-ahmed-dalmook-al-maktoum-complete-acquisition-of-refinery-and-trading-business-in-uae/index.html]
[mont-fort.com/_astro/m_sKlaa.png]
[mont-fort.com/_astro/m_1mFKkz.png]
[mont-fort.com/news/montfort-and-the-private-office-of-sheikh-ahmed-dalmook-al-maktoum-acquire-uniper-s-crude-oil-processing-facility-in-uae/index.html]
[mont-fort.com/news/montfort-enters-south-african-energy-market-with-new-age-energy-acquisition/index.html]
[mont-fort.com/_astro/m_Zdi0VY.png]
[mont-fort.com/news/montfort-maritime-acquires-its-first-vessel/index.html]
[mont-fort.com/news/montfort-group-acquires-oil-storage-terminal-in-mozambique/index.html]
[mont-fort.com/_astro/m_Z25zgm8.png]
[mont-fort.com/news/index.html]
[mont-fort.com/news/montfort-group-enters-east-african-market/index.html]
[mont-fort.com/_astro/m_Zrb5M9.png]
[mont-fort.com/_astro/m_Z1IABvS.png]
[mont-fort.com/_astro/m_Z1r3Ar6.png]
[mont-fort.com/contact/index.html]
[mont-fort.com/privacy-policy/index.html]
[mont-fort.com/terms-of-use/index.html]
[mont-fort.com/global-helpline/index.html]
[mont-fort.com/_astro/m_2tXFq2.png]
[mont-fort.com/_astro/m_f7dUK.png]
[mont-fort.com/_astro/m_1J3X5L.png]
[mont-fort.com/_astro/m_1lAaHw.png]
[mont-fort.com/_astro/m_B0Qi4.png]
[mont-fort.com/_astro/m_1EgoAQ.png]
[mont-fort.com/who-we-are/index.html]
[mont-fort.com/cdn-cgi/l/email-protection.html]
[mont-fort.com/_astro/m_ZK7Ye2.png]
[mont-fort.com/_astro/m_1w9sGR.png]
[mont-fort.com/_astro/m_tsL3a.png]
[mont-fort.com/_astro/m_1WwUm5.png]
[mont-fort.com/_astro/m_Z8SR7n.png]
[mont-fort.com/_astro/NewsSingle.astro_astro_type_script_index_0_lang.CotISCjP.js]
[mont-fort.com/news/montfort-maritime-celebrates-delivery-of-first-newbuilding-mfm-jazz/index.html]
[mont-fort.com/_astro/m_yVbjY.png]
[mont-fort.com/news/montfort-participates-in-cargo-day-2024/index.html]
[mont-fort.com/_astro/m_ZmFER7.png]
[mont-fort.com/_astro/m_Z1NbQBJ.png]
[mont-fort.com/news/montfort-continues-to-scale-up-maritime-unit/index.html]
[mont-fort.com/_astro/m_Z1JGWfG.png]
[mont-fort.com/news/montfort-agrees-innovative-and-greener-shipping-deal/index.html]
[mont-fort.com/_astro/m_syPdn.png]
[mont-fort.com/news/montfort-to-scale-up-fujairah-bunker-business/index.html]
[mont-fort.com/_astro/m_1PLYYj.png]
[mont-fort.com/news/montfort-joins-energy-leap-for-operational-excellence/index.html]
[mont-fort.com/_astro/m_Z1hmFcY.png]
[mont-fort.com/news/montfort-participates-in-cargo-day-a-fundraising-program-for-mercy-ships/index.html]
[mont-fort.com/_astro/m_13YvmB.png]
[mont-fort.com/news/montfort-and-the-private-office-of-sheikh-ahmed-dalmook-al-maktoum-complete-acquisition-of-refinery-and-trading-business-in-uae/index.html]
[mont-fort.com/_astro/m_2o0i7k.png]
[mont-fort.com/news/montfort-and-the-private-office-of-sheikh-ahmed-dalmook-al-maktoum-acquire-uniper-s-crude-oil-processing-facility-in-uae/index.html]
[mont-fort.com/_astro/m_251n4I.png]
[mont-fort.com/news/montfort-enters-south-african-energy-market-with-new-age-energy-acquisition/index.html]
[mont-fort.com/_astro/m_ZvkQd.png]
[mont-fort.com/news/montfort-maritime-acquires-its-first-vessel/index.html]
[mont-fort.com/_astro/m_Z1it0P3.png]
[mont-fort.com/news/montfort-group-acquires-oil-storage-terminal-in-mozambique/index.html]
[mont-fort.com/news/montfort-group-enters-east-african-market/index.html]
[mont-fort.com/global-helpline/index.html]
